============================================
  FULL SYNC: 2026-09-19 05:32:05
============================================
  Added:   1
  Updated: 5
  Skipped: 1224
--------------------------------------------

============================================
  FULL SYNC: 2026-09-26 05:32:35
============================================
  Added:   13
  Updated: 0
  Skipped: 1188
--------------------------------------------

============================================
  FULL SYNC: 2026-10-03 05:32:55
============================================
  Added:   24
  Updated: 0
  Skipped: 1202
--------------------------------------------

